Microchip MPLAB XC8 Compiler V2.32

Linker command line:

-W-3 --edf=/opt/microchip/xc8/v2.32/pic/dat/en_msgs.txt -cn \
  -h+dist/default/production/simon_game.X.production.sym \
  --cmf=dist/default/production/simon_game.X.production.cmf -z -Q16F887 \
  -o/tmp/xcXLkpCbE -Mdist/default/production/simon_game.X.production.map \
  -E1 -ver=XC8 Compiler --acfsm=1493 -ASTACK=0110h-016Fh -pstack=STACK \
  -ACODE=00h-07FFhx4 -ASTRCODE=00h-01FFFh -ASTRING=00h-0FFhx32 \
  -ACONST=00h-0FFhx32 -AENTRY=00h-0FFhx32 -ACOMMON=070h-07Fh \
  -ABANK0=020h-06Fh -ABANK1=0A0h-0EFh -ABANK2=0110h-016Fh \
  -ABANK3=0190h-01EFh -ARAM=020h-06Fh,0A0h-0EFh,0110h-016Fh,0190h-01EFh \
  -AABS1=020h-07Fh,0A0h-0EFh,0110h-016Fh,0190h-01EFh -ASFR0=00h-01Fh \
  -ASFR1=080h-09Fh -ASFR2=0100h-010Fh -ASFR3=0180h-018Fh \
  -ACONFIG=02007h-02008h -DCONFIG=2 -AIDLOC=02000h-02003h -DIDLOC=2 \
  -AEEDATA=00h-0FFh/02100h -peeprom_data=EEDATA -DEEDATA=2 -DCODE=2 \
  -DSTRCODE=2 -DSTRING=2 -DCONST=2 -DENTRY=2 \
  -preset_vec=00h,intentry,init,end_init -ppowerup=CODE -pcinit=CODE \
  -pfunctab=ENTRY -k /tmp/xcXjIMAim.o \
  dist/default/production/simon_game.X.production.o 

Object code version is 3.11

Machine type is 16F887



                Name                               Link     Load   Length Selector   Space Scale
/tmp/xcXjIMAim.o
                end_init                              0        0        3        0       0
                config                             2007     2007        2        0       4
dist/default/production/simon_game.X.production.o
                cinit                               7DB      7DB       25      FB6       0
                config                             2007     2007        2        0       4
                text8                               5C5      5C5       13      B8A       0
                text7                               668      668       46      CD0       0
                text6                               6AE      6AE       47      D5C       0
                text5                               5FC      5FC       30      BF8       0
                text4                               5D8      5D8       24      BB0       0
                text3                               755      755       86      EAA       0
                text2                               6F5      6F5       60      DEA       0
                text1                               62C      62C       3C      C58       0
                maintext                            5B8      5B8        D      B70       0
                cstackBANK0                          52       52        F       20       1
                cstackCOMMON                         70       70        D       70       1
                clrtext                             5B0      5B0        8      B60       0
                dataBANK0                            61       61        4       20       1
                bssBANK0                             20       20       32       20       1
                idataBANK0                          5AC      5AC        4      B58       0

TOTAL           Name                               Link     Load   Length     Space
        CLASS   STACK          

        CLASS   CODE           
                end_init                              0        0        3         0
                cinit                               7DB      7DB       25         0
                text8                               5C5      5C5       13         0
                text7                               668      668       46         0
                text6                               6AE      6AE       47         0
                text5                               5FC      5FC       30         0
                text4                               5D8      5D8       24         0
                text3                               755      755       86         0
                text2                               6F5      6F5       60         0
                text1                               62C      62C       3C         0
                maintext                            5B8      5B8        D         0
                clrtext                             5B0      5B0        8         0
                idataBANK0                          5AC      5AC        4         0

        CLASS   STRCODE        

        CLASS   STRING         

        CLASS   CONST          

        CLASS   ENTRY          

        CLASS   COMMON         
                cstackCOMMON                         70       70        D         1

        CLASS   BANK0          
                cstackBANK0                          52       52        F         1
                dataBANK0                            61       61        4         1
                bssBANK0                             20       20       32         1

        CLASS   BANK1          

        CLASS   BANK2          

        CLASS   BANK3          

        CLASS   RAM            

        CLASS   ABS1           
                abs_s1                               7E       7E        2         1

        CLASS   SFR0           

        CLASS   SFR1           

        CLASS   SFR2           

        CLASS   SFR3           

        CLASS   CONFIG         
                config                             2007     2007        2         4

        CLASS   IDLOC          

        CLASS   EEDATA         



SEGMENTS        Name                           Load    Length   Top    Selector   Space  Class     Delta

                text1                          00062C  00003C  000668       C58       0  CODE        2
                text8                          0005C5  000013  0005D8       B8A       0  CODE        2
                text4                          0005D8  000024  0005FC       BB0       0  CODE        2
                text5                          0005FC  000030  00062C       BF8       0  CODE        2
                text7                          000668  000046  0006AE       CD0       0  CODE        2
                reset_vec                      000000  000003  000003         0       0  CODE        2
                text6                          0006AE  000047  0006F5       D5C       0  CODE        2
                clrtext                        0005B0  000008  0005B8       B60       0  CODE        2
                idataBANK0                     0005AC  000004  0005B0       B58       0  CODE        2
                maintext                       0005B8  00000D  0005C5       B70       0  CODE        2
                text2                          0006F5  000060  000755       DEA       0  CODE        2
                bssBANK0                       000020  000045  000065        20       1  BANK0       1
                cinit                          0007DB  000025  000800       FB6       0  CODE        2
                cstackCOMMON                   000070  00000D  00007D        70       1  COMMON      1
                text3                          000755  000086  0007DB       EAA       0  CODE        2


UNUSED ADDRESS RANGES

        Name                Unused          Largest block    Delta
        BANK0            0065-006F              B           1
        BANK1            00A0-00EF             50           1
        BANK2            0110-016F             60           1
        BANK3            0190-01EF             60           1
        CODE             0003-05AB            5A9           2
                         0800-1FFF            800
        COMMON           007D-007D              1           1
        CONST            0003-05AB            100           2
                         0800-1FFF            100
        EEDATA           2100-21FF            100           2
        ENTRY            0003-05AB            100           2
                         0800-1FFF            100
        IDLOC            2000-2003              4           2
        RAM              0065-006F              B           1
                         00A0-00EF             50
                         0110-016F             60
                         0190-01EF             60
        SFR0             0000-001F             20           1
        SFR1             0080-009F             20           1
        SFR2             0100-010F             10           1
        SFR3             0180-018F             10           1
        STACK            0110-016F             60           1
        STRCODE          0003-05AB            5A9           2
                         0800-1FFF           1800
        STRING           0003-05AB            100           2
                         0800-1FFF            100

                                  Symbol Table

?___lmul                   cstackCOMMON 0070
?_mapaEntrada              cstackCOMMON 0070
?_rand                     cstackBANK0  0052
_ANSEL                     (abs)        0188
_ANSELH                    (abs)        0189
_PORTA                     (abs)        0005
_PORTAbits                 (abs)        0005
_PORTB                     (abs)        0006
_PORTBbits                 (abs)        0006
_TRISA                     (abs)        0085
_TRISB                     (abs)        0086
__Habs1                    abs1         0000
__Hbank0                   bank0        0000
__Hbank1                   bank1        0000
__Hbank2                   bank2        0000
__Hbank3                   bank3        0000
__HbssBANK0                bssBANK0     0000
__Hcinit                   cinit        0800
__Hclrtext                 clrtext      0000
__Hcode                    code         0000
__Hcommon                  common       0000
__Hconfig                  config       2009
__HcstackBANK0             cstackBANK0  0000
__HcstackCOMMON            cstackCOMMON 0000
__HdataBANK0               dataBANK0    0000
__Heeprom_data             eeprom_data  0000
__Hend_init                end_init     0003
__Hfunctab                 functab      0000
__HidataBANK0              idataBANK0   0000
__Hinit                    init         0000
__Hintentry                intentry     0000
__Hmaintext                maintext     0000
__Hpowerup                 powerup      0000
__Hram                     ram          0000
__Hreset_vec               reset_vec    0000
__Hsfr0                    sfr0         0000
__Hsfr1                    sfr1         0000
__Hsfr2                    sfr2         0000
__Hsfr3                    sfr3         0000
__Hspace_0                 (abs)        0800
__Hspace_1                 (abs)        007D
__Hspace_2                 (abs)        0000
__Hspace_3                 (abs)        0000
__Hspace_4                 (abs)        4010
__Hstack                   stack        0000
__Hstrings                 strings      0000
__Htext                    text         0000
__Labs1                    abs1         0000
__Lbank0                   bank0        0000
__Lbank1                   bank1        0000
__Lbank2                   bank2        0000
__Lbank3                   bank3        0000
__LbssBANK0                bssBANK0     0000
__Lcinit                   cinit        07DB
__Lclrtext                 clrtext      0000
__Lcode                    code         0000
__Lcommon                  common       0000
__Lconfig                  config       0000
__LcstackBANK0             cstackBANK0  0000
__LcstackCOMMON            cstackCOMMON 0000
__LdataBANK0               dataBANK0    0000
__Leeprom_data             eeprom_data  0000
__Lend_init                end_init     0000
__Lfunctab                 functab      0000
__LidataBANK0              idataBANK0   0000
__Linit                    init         0000
__Lintentry                intentry     0000
__Lmaintext                maintext     0000
__Lpowerup                 powerup      0000
__Lram                     ram          0000
__Lreset_vec               reset_vec    0000
__Lsfr0                    sfr0         0000
__Lsfr1                    sfr1         0000
__Lsfr2                    sfr2         0000
__Lsfr3                    sfr3         0000
__Lspace_0                 (abs)        0000
__Lspace_1                 (abs)        0000
__Lspace_2                 (abs)        0000
__Lspace_3                 (abs)        0000
__Lspace_4                 (abs)        0000
__Lstack                   stack        0000
__Lstrings                 strings      0000
__Ltext                    text         0000
__S0                       (abs)        0800
__S1                       (abs)        007D
__S2                       (abs)        0000
__S3                       (abs)        0000
___int_sp                  stack        0000
___latbits                 (abs)        0002
___lmul                    text7        0668
___lmul@multiplicand       cstackCOMMON 0074
___lmul@multiplier         cstackCOMMON 0070
___lmul@product            cstackCOMMON 0079
___sp                      stack        0000
___stackhi                 (abs)        0000
___stacklo                 (abs)        0000
__end_of___lmul            text7        06AE
__end_of__initialization   cinit        07FC
__end_of_geraMovimentos    text5        062C
__end_of_leMovimentos      text2        0755
__end_of_main              maintext     05C5
__end_of_mapaEntrada       text4        05FC
__end_of_mostraMovimentos  text3        07DB
__end_of_rand              text6        06F5
__end_of_setup             text8        05D8
__end_of_start             text1        0668
__initialization           cinit        07DB
__pbssBANK0                bssBANK0     0020
__pcstackBANK0             cstackBANK0  0052
__pcstackCOMMON            cstackCOMMON 0070
__pdataBANK0               dataBANK0    0061
__pidataBANK0              idataBANK0   05AC
__pmaintext                maintext     05B8
__ptext1                   text1        062C
__ptext2                   text2        06F5
__ptext3                   text3        0755
__ptext4                   text4        05D8
__ptext5                   text5        05FC
__ptext6                   text6        06AE
__ptext7                   text7        0668
__ptext8                   text8        05C5
__size_of___lmul           (abs)        0000
__size_of_geraMovimentos   (abs)        0000
__size_of_leMovimentos     (abs)        0000
__size_of_main             (abs)        0000
__size_of_mapaEntrada      (abs)        0000
__size_of_mostraMovimentos (abs)        0000
__size_of_rand             (abs)        0000
__size_of_setup            (abs)        0000
__size_of_start            (abs)        0000
_flagVitDerr               bssBANK0     0050
_geraMovimentos            text5        05FC
_leMovimentos              text2        06F5
_main                      maintext     05B8
_mapaEntrada               text4        05D8
_mostraMovimentos          text3        0755
_rand                      text6        06AE
_randx                     dataBANK0    0061
_seqGerada                 bssBANK0     0038
_seqInserida               bssBANK0     0020
_setup                     text8        05C5
_start                     text1        062C
btemp                      (abs)        007E
clear_ram0                 clrtext      05B0
end_of_initialization      cinit        07FC
geraMovimentos@i           cstackBANK0  005C
intlevel0                  functab      0000
intlevel1                  functab      0000
intlevel2                  functab      0000
intlevel3                  functab      0000
intlevel4                  functab      0000
intlevel5                  functab      0000
leMovimentos@index         cstackBANK0  0052
mostraMovimentos@i         cstackCOMMON 0070
mostraMovimentos@j         cstackCOMMON 0075
reset_vec                  reset_vec    0000
start                      init         0000
start_initialization       cinit        07DB
wtemp0                     (abs)        007E


MODULE INFORMATION

Module		Function		Class		Link	Load	Size
/opt/microchip/xc8/v2.32/pic/sources/c90/common/rand.c
		_rand          		CODE           	06AE	0000	71

/opt/microchip/xc8/v2.32/pic/sources/c90/common/rand.c estimated size: 71

shared
		__initialization		CODE           	07DB	0000	33

shared estimated size: 33

/opt/microchip/xc8/v2.32/pic/sources/c90/common/Umul32.c
		___lmul        		CODE           	0668	0000	70

/opt/microchip/xc8/v2.32/pic/sources/c90/common/Umul32.c estimated size: 70

main.c
		_mapaEntrada   		CODE           	05D8	0000	36
		_main          		CODE           	05B8	0000	13
		_geraMovimentos		CODE           	05FC	0000	48
		_mostraMovimentos		CODE           	0755	0000	134
		_start         		CODE           	062C	0000	60
		_leMovimentos  		CODE           	06F5	0000	96
		_setup         		CODE           	05C5	0000	19

main.c estimated size: 406

